D:/GameNhung/STM32-FLAPPY-BIRD/Core/Src/main.c:167:5:main	1
D:/GameNhung/STM32-FLAPPY-BIRD/Core/Src/main.c:261:6:SystemClock_Config	3
D:/GameNhung/STM32-FLAPPY-BIRD/Core/Src/main.c:307:13:MX_CRC_Init	2
D:/GameNhung/STM32-FLAPPY-BIRD/Core/Src/main.c:333:13:MX_DMA2D_Init	3
D:/GameNhung/STM32-FLAPPY-BIRD/Core/Src/main.c:370:13:MX_I2C3_Init	4
D:/GameNhung/STM32-FLAPPY-BIRD/Core/Src/main.c:418:13:MX_LTDC_Init	3
D:/GameNhung/STM32-FLAPPY-BIRD/Core/Src/main.c:485:13:MX_RNG_Init	2
D:/GameNhung/STM32-FLAPPY-BIRD/Core/Src/main.c:511:13:MX_SPI5_Init	2
D:/GameNhung/STM32-FLAPPY-BIRD/Core/Src/main.c:550:13:MX_TIM2_Init	4
D:/GameNhung/STM32-FLAPPY-BIRD/Core/Src/main.c:591:13:MX_FMC_Init	2
D:/GameNhung/STM32-FLAPPY-BIRD/Core/Src/main.c:646:13:MX_GPIO_Init	1
D:/GameNhung/STM32-FLAPPY-BIRD/Core/Src/main.c:715:6:HAL_GPIO_EXTI_Callback	5
D:/GameNhung/STM32-FLAPPY-BIRD/Core/Src/main.c:736:13:BSP_SDRAM_Initialization_Sequence	1
D:/GameNhung/STM32-FLAPPY-BIRD/Core/Src/main.c:794:6:IOE_Init	1
D:/GameNhung/STM32-FLAPPY-BIRD/Core/Src/main.c:803:6:IOE_ITConfig	1
D:/GameNhung/STM32-FLAPPY-BIRD/Core/Src/main.c:815:6:IOE_Write	1
D:/GameNhung/STM32-FLAPPY-BIRD/Core/Src/main.c:826:9:IOE_Read	1
D:/GameNhung/STM32-FLAPPY-BIRD/Core/Src/main.c:839:10:IOE_ReadMultiple	1
D:/GameNhung/STM32-FLAPPY-BIRD/Core/Src/main.c:848:6:IOE_Delay	1
D:/GameNhung/STM32-FLAPPY-BIRD/Core/Src/main.c:859:13:I2C3_WriteData	1
D:/GameNhung/STM32-FLAPPY-BIRD/Core/Src/main.c:879:16:I2C3_ReadData	1
D:/GameNhung/STM32-FLAPPY-BIRD/Core/Src/main.c:904:16:I2C3_ReadBuffer	2
D:/GameNhung/STM32-FLAPPY-BIRD/Core/Src/main.c:929:17:SPI5_Read	2
D:/GameNhung/STM32-FLAPPY-BIRD/Core/Src/main.c:950:13:SPI5_Write	2
D:/GameNhung/STM32-FLAPPY-BIRD/Core/Src/main.c:967:13:SPI5_Error	1
D:/GameNhung/STM32-FLAPPY-BIRD/Core/Src/main.c:976:6:LCD_IO_Init	1
D:/GameNhung/STM32-FLAPPY-BIRD/Core/Src/main.c:986:6:LCD_IO_WriteData	1
D:/GameNhung/STM32-FLAPPY-BIRD/Core/Src/main.c:1002:6:LCD_IO_WriteReg	1
D:/GameNhung/STM32-FLAPPY-BIRD/Core/Src/main.c:1021:10:LCD_IO_ReadData	1
D:/GameNhung/STM32-FLAPPY-BIRD/Core/Src/main.c:1048:6:LCD_Delay	1
D:/GameNhung/STM32-FLAPPY-BIRD/Core/Src/main.c:1062:6:StartDefaultTask	3
D:/GameNhung/STM32-FLAPPY-BIRD/Core/Src/main.c:1085:6:HAL_TIM_PeriodElapsedCallback	3
D:/GameNhung/STM32-FLAPPY-BIRD/Core/Src/main.c:1104:6:Error_Handler	1
