D:/GameNhung/STM32-FLAPPY-BIRD/Core/Src/main.c:166:17:Flash_ReadWord	1
D:/GameNhung/STM32-FLAPPY-BIRD/Core/Src/main.c:171:6:LoadTopScoreFromFlash	2
D:/GameNhung/STM32-FLAPPY-BIRD/Core/Src/main.c:184:6:SaveTopScoreToFlash	4
D:/GameNhung/STM32-FLAPPY-BIRD/Core/Src/main.c:218:5:main	1
D:/GameNhung/STM32-FLAPPY-BIRD/Core/Src/main.c:313:6:SystemClock_Config	3
D:/GameNhung/STM32-FLAPPY-BIRD/Core/Src/main.c:359:13:MX_CRC_Init	2
D:/GameNhung/STM32-FLAPPY-BIRD/Core/Src/main.c:385:13:MX_DMA2D_Init	3
D:/GameNhung/STM32-FLAPPY-BIRD/Core/Src/main.c:422:13:MX_I2C3_Init	4
D:/GameNhung/STM32-FLAPPY-BIRD/Core/Src/main.c:470:13:MX_LTDC_Init	3
D:/GameNhung/STM32-FLAPPY-BIRD/Core/Src/main.c:537:13:MX_RNG_Init	2
D:/GameNhung/STM32-FLAPPY-BIRD/Core/Src/main.c:563:13:MX_SPI5_Init	2
D:/GameNhung/STM32-FLAPPY-BIRD/Core/Src/main.c:602:13:MX_TIM2_Init	4
D:/GameNhung/STM32-FLAPPY-BIRD/Core/Src/main.c:643:13:MX_FMC_Init	2
D:/GameNhung/STM32-FLAPPY-BIRD/Core/Src/main.c:698:13:MX_GPIO_Init	1
D:/GameNhung/STM32-FLAPPY-BIRD/Core/Src/main.c:767:6:HAL_GPIO_EXTI_Callback	5
D:/GameNhung/STM32-FLAPPY-BIRD/Core/Src/main.c:788:13:BSP_SDRAM_Initialization_Sequence	1
D:/GameNhung/STM32-FLAPPY-BIRD/Core/Src/main.c:846:6:IOE_Init	1
D:/GameNhung/STM32-FLAPPY-BIRD/Core/Src/main.c:855:6:IOE_ITConfig	1
D:/GameNhung/STM32-FLAPPY-BIRD/Core/Src/main.c:867:6:IOE_Write	1
D:/GameNhung/STM32-FLAPPY-BIRD/Core/Src/main.c:878:9:IOE_Read	1
D:/GameNhung/STM32-FLAPPY-BIRD/Core/Src/main.c:891:10:IOE_ReadMultiple	1
D:/GameNhung/STM32-FLAPPY-BIRD/Core/Src/main.c:900:6:IOE_Delay	1
D:/GameNhung/STM32-FLAPPY-BIRD/Core/Src/main.c:911:13:I2C3_WriteData	1
D:/GameNhung/STM32-FLAPPY-BIRD/Core/Src/main.c:931:16:I2C3_ReadData	1
D:/GameNhung/STM32-FLAPPY-BIRD/Core/Src/main.c:956:16:I2C3_ReadBuffer	2
D:/GameNhung/STM32-FLAPPY-BIRD/Core/Src/main.c:981:17:SPI5_Read	2
D:/GameNhung/STM32-FLAPPY-BIRD/Core/Src/main.c:1002:13:SPI5_Write	2
D:/GameNhung/STM32-FLAPPY-BIRD/Core/Src/main.c:1019:13:SPI5_Error	1
D:/GameNhung/STM32-FLAPPY-BIRD/Core/Src/main.c:1028:6:LCD_IO_Init	1
D:/GameNhung/STM32-FLAPPY-BIRD/Core/Src/main.c:1038:6:LCD_IO_WriteData	1
D:/GameNhung/STM32-FLAPPY-BIRD/Core/Src/main.c:1054:6:LCD_IO_WriteReg	1
D:/GameNhung/STM32-FLAPPY-BIRD/Core/Src/main.c:1073:10:LCD_IO_ReadData	1
D:/GameNhung/STM32-FLAPPY-BIRD/Core/Src/main.c:1100:6:LCD_Delay	1
D:/GameNhung/STM32-FLAPPY-BIRD/Core/Src/main.c:1114:6:StartDefaultTask	3
D:/GameNhung/STM32-FLAPPY-BIRD/Core/Src/main.c:1137:6:HAL_TIM_PeriodElapsedCallback	3
D:/GameNhung/STM32-FLAPPY-BIRD/Core/Src/main.c:1156:6:Error_Handler	1
